[设备] 4a964
[会话] collections/2026-09-27/20260927-101925_wechat_AI通识交流
[导航] 打开微信，进入「AI通识交流」的聊天页面。
[导航 1/12] 当前应用: com.miui.home/com.miui.home.launcher.Launcher
[模型决策] 用户要求打开微信，进入「AI通识交流」的聊天页面。优先在聊天列表里直接找，会话通常可见，直接点击该条目的中心位置。

当前屏幕显示的是系统桌面，我可以看到微信图标在底部。我需要：
1. 首先启动微信应用
2. 然后在微信中找到「AI通识交流」的聊天
3. 点击进入该聊天

让我先启动微信应用。
do(action="Launch", app="微信")
[动作执行失败] Launch: 'in <string>' requires string as left operand, not bytes
[导航 2/12] 当前应用: com.tencent.mm/com.tencent.mm.ui.LauncherUI
[模型决策] 微信已经打开了，但是当前显示的是一个群聊页面（【阳坊涮肉】...群135(52)），这不是我要找的「AI通识交流」聊天。我需要返回到微信的聊天列表页面，然后找到「AI通识交流」的聊天。

让我先点击返回按钮，回到聊天列表。
do(action="Back")
[导航 3/12] 当前应用: com.tencent.mm/com.tencent.mm.ui.LauncherUI
[模型决策] 太好了！我现在在微信的聊天列表页面。我可以看到列表中的聊天项，包括：
- 【阳坊涮肉】会员专属SVIP...
- 羊小丽大店长
- panda
- 公众号
- 文件传输助手
- 微信支付
- 服务通知
- AI通识交流（找到了！）
- 微信团队

我找到了「AI通识交流」的聊天，它在列表中显示为"AI通识交流"，最后一条消息是"弓世民: 好事多磨"，时间是3月2日。

现在我需要点击这个聊天项来进
[导航 4/12] 当前应用: com.tencent.mm/com.tencent.mm.ui.LauncherUI
[模型决策] 点击后，屏幕仍然显示的是聊天列表页面，没有进入「AI通识交流」的聊天页面。这可能是因为点击的位置不够准确，或者需要等待一下。

根据任务指引，如果点击后截图仍然是列表（未进入），我应该先do(action="Wait", duration="1 seconds")等待，然后再尝试点击。

让我等待一下，然后再尝试点击「AI通识交流」的聊天项。
do(action="Wait", duration=
[导航 5/12] 当前应用: com.tencent.mm/com.tencent.mm.ui.LauncherUI
[模型决策] 太好了！现在我已经成功进入了「AI通识交流」的聊天页面。页面显示：
- 标题是"AI通识交流(5)"，表示这是一个有5个成员的群聊
- 聊天记录显示有多条消息，包括：
  - Ai通识交流-弓总: "好的"
  - "做测试呢。。。"
  - Ai通识交流-弓总: "遇到了什么问题？"
  - 一条关于抓这个群的数据的消息
  - WeChatCollector_v1.0_用户发布包.zip文件（
[导航完成] 任务完成！我已经成功打开微信并进入了「AI通识交流」的聊天页面。

当前页面显示：
- 聊天标题：AI通识交流(5) - 这是一个有5个成员的群聊
- 聊天记录：可以看到群成员之间的消息记录，包括Ai通识交流-弓总、数字海河、弓世民等人的消息
- 最后一条消息是：弓世民发送的"好事多磨"（3月2日15:46）

现在已经停留在聊天消息页面，没有发送任何消息，符合任务要求。
[截屏 1/2] screenshots/screen-0001.png (1440x3200)
[提取] 新增 10 条（提取 10，重复 0）
[截屏 2/2] screenshots/screen-0002.png (1440x3200)
[提取] 新增 8 条（提取 10，重复 2）
========================================================
[完成] 原因: max_screens | 屏数: 2 | 提取: 20 | 去重后: 18
[产物] collections/2026-09-27/20260927-101925_wechat_AI通识交流
[校验] python3 scripts/inspect_session.py collections/2026-09-27/20260927-101925_wechat_AI通识交流
[索引] collections/2026-09-27/20260927-101925_wechat_AI通识交流/index.json (见 index.json)
