[设备] 4a964
[会话] collections/2026-09-27/20260927-102315_wechat_AI通识交流
[导航] 打开微信，进入「AI通识交流」的聊天页面。
[导航完成] 任务完成！我已经成功打开微信并进入了「AI通识交流」的聊天页面。

当前页面显示：
- 聊天名称：AI通识交流(5)
- 可以看到群聊成员的消息记录
- 包括AI通识交流-弓总的消息
- 有数字海河发送的文件 WeChatCollector_v1.0_用户发布包.zip
- 有弓世民发送的消息"好事多磨"

现在已经停留在聊天消息页面，没有发送任何消息。
[截屏 1/2] screenshots/screen-0001.png (1440x3200)
[提取] 新增 10 条（提取 10，重复 0）
[截屏 2/2] screenshots/screen-0002.png (1440x3200)
[提取] 新增 3 条（提取 11，重复 8）
========================================================
[完成] 原因: max_screens | 屏数: 2 | 提取: 21 | 去重后: 13
[产物] collections/2026-09-27/20260927-102315_wechat_AI通识交流
[校验] python3 scripts/inspect_session.py collections/2026-09-27/20260927-102315_wechat_AI通识交流
[索引] collections/2026-09-27/20260927-102315_wechat_AI通识交流/index.json (见 index.json)
